// Jest Snapshot v1, https://goo.gl/fbAQLP

exports[`<Form /> renders the <Form /> with an error 1`] = `
<div
  class="sc-bdvvaa cfeFqB"
>
  <div
    class="sc-dkPtyc kdQtup"
  >
    Your email address is already being used
  </div>
  <button
    class="sc-furvIG jQVWKu"
    type="submit"
  >
    Sign In
  </button>
</div>
`;

exports[`<Form /> renders the <Form /> with populated data 1`] = `
<div
  class="sc-bdvvaa cfeFqB"
>
  <h1
    class="sc-hKwCoD bPjFav"
  >
    Sign In Now
  </h1>
  <form
    class="sc-gsDJrp glOZvk"
  >
    <input
      class="sc-iCfLBT jmduFn"
      placeholder="Email address"
    />
    <input
      class="sc-iCfLBT jmduFn"
      placeholder="Password"
      type="password"
    />
    <button
      class="sc-furvIG jQVWKu"
      disabled=""
      type="submit"
    >
      Sign In
    </button>
  </form>
  <p
    class="sc-eCImvq gquTJr"
  >
    New to Netflix? 
  </p>
  <p
    class="sc-jRQAMF cHORjB"
  >
    This page is protected by Google reCAPTCHA to ensure you're not a bot. Learn more.
  </p>
</div>
`;
